// Jest Snapshot v1, https://goo.gl/fbAQLP

exports[`Download displays download 1`] = `
<ForwardRef(render)>
  <h2
    className="section-heading"
  >
    3. Download images
  </h2>
  <div
    className="download-content"
  >
    <button
      className="download-button"
      onClick={[MockFunction]}
    >
      Download
    </button>
  </div>
</ForwardRef(render)>
`;
