// Jest Snapshot v1, https://goo.gl/fbAQLP

exports[`TextControls displays text controls 1`] = `
<ForwardRef(render)>
  <h2
    className="section-heading"
  >
    2. Add text
  </h2>
  <div
    className="text-controls-content"
  >
    <p>
      Text:
    </p>
    <input
      onChange={[Function]}
      type="text"
      value=""
    />
  </div>
</ForwardRef(render)>
`;
